
# Forcefield configuration

           parameters parameters

# Initial State

            structure structure.psf
          coordinates structure.pdb
          temperature 300.00 # K
              boxSize     8.525000     8.443999     7.800000 # A

# Output

       trajectoryFile output.xtc
     trajectoryPeriod 25000

# Electrostatics 

                  PME on
               cutoff 3.00 # A
            switching on
       switchDistance 2.00 # A
      implicitSolvent off

# Temperature Control 

           thermostat on
 thermostatTemperature 298.15 # K
    thermostatDamping 1.00 # /ps

# Pressure Control 

             barostat on
     barostatPressure 1.0132 # bar
  barostatAnisotropic off
   barostatConstRatio off
      barostatConstXY off

# Integration

             timeStep 4.00 # fs

# External forces


# Restraints


# Run Configuration

              restart on
             minimize 50
                  run 5
