
# Forcefield configuration

             parmfile parameters

# Initial State

            structure structure.prmtop
          coordinates structure.pdb
          temperature 0.00 # K
        celldimension    43.614998    38.956001    49.750999 # A

# Output

       trajectoryFile output.xtc
       trajectoryFreq 200

# Electrostatics 

                  PME on
               cutoff 9.00 # A
            switching on
           switchDist 7.50 # A
             implicit off

# Temperature Control 

           thermostat on
       thermostatTemp 300.00 # K
    thermostatDamping 1.00 # /ps

# Pressure Control 

             barostat on
     barostatPressure 1.0132 # bar
      useFlexibleCell off
      useConstantArea off
     useConstantRatio off

# Integration

             timestep 4.00 # fs

# External forces


# Restraints

        atomRestraint "protein and noh and not name CA" axes XYZ width 0.000000 setpoints  0.100000@0  0.000000@1000 
        atomRestraint "protein and name CA" axes XYZ width 0.000000 setpoints  1.000000@0  0.000000@1000 

# Run Configuration

              restart on
             minimize 500
                  run 1000
