
# Forcefield configuration

             parmFile parameters

# Initial State

            structure structure.prmtop
          coordinates structure.pdb
       binCoordinates input.coor
       extendedSystem input.xsc
          temperature 300.00 # K

# Output

       trajectoryFile output.xtc
     trajectoryPeriod 2500

# Electrostatics 

                  PME on
               cutoff 9.00 # A
            switching on
       switchDistance 7.50 # A
      implicitSolvent off

# Temperature Control 

           thermostat on
 thermostatTemperature 300.00 # K
    thermostatDamping 0.10 # /ps

# Pressure Control 

             barostat off
     barostatPressure 1.0000 # bar
  barostatAnisotropic off
   barostatConstRatio off
      barostatConstXY off

# Integration

             timeStep 4.00 # fs
           slowPeriod 1

# External forces


# Restraints


# Run Configuration

              restart on
                  run 25000
